// Jest Snapshot v1, https://goo.gl/fbAQLP

exports[`Board snapshot 1`] = `
<BoardView
  handleSquareClick={[Function]}
  move={Object {}}
  size="fluid"
  teamBlackPOV={false}
/>
`;
