// Jest Snapshot v1, https://goo.gl/fbAQLP

exports[`Square renders without crashing 1`] = `
<div
  class="Square css-8516zs"
/>
`;
