// Jest Snapshot v1, https://goo.gl/fbAQLP

exports[`ConfirmPositionMenu renders without crashing 1`] = `null`;
