// Jest Snapshot v1, https://goo.gl/fbAQLP

exports[`GameLink snapshot 1`] = `
<Button
  as="button"
  className="GameLink"
  onClick={[Function]}
>
  abc123
</Button>
`;
