// Jest Snapshot v1, https://goo.gl/fbAQLP

exports[`LobbyGame snapshot 1`] = `
<Button
  as="button"
  className="LobbyGame"
  fluid={true}
  onClick={[Function]}
>
  vs red
</Button>
`;
